Program
..VarDecl
....Int
....Id(a)
..VarDecl
....Int
....Id(b)
..VarDecl
....Int
....Id(x)
..VarDecl
....Int
....Id(y)
..VarDecl
....Int
....Id(z)
..FuncDecl
....FuncHeader
......Id(main)
......FuncParams
....FuncBody
......If
........Or
..........And
............Id(x)
............Id(y)
..........Id(z)
........Block
..........For
............Block
..............Assign
................Id(trap)
................Call
..................Id(infinite)
..................Or
....................Id(a)
....................Id(b)
..................Id(x)
..................Id(y)
..................Id(z)
..............Print
................Id(trap)
..........Print
............StrLit("Depois do for")
........Block
......Print
........StrLit("Depois do if")