Program
..VarDecl
....Int
....Id(a)
..VarDecl
....Int
....Id(b)
..VarDecl
....Int
....Id(c)
..FuncDecl
....FuncHeader
......Id(main)
......FuncParams
....FuncBody
......For
........Block
..........If
............Or
..............Eq
................Id(a)
................Id(b)
..............Id(c)
............Block
..............Print
................Call
..................Id(abc)
..................And
....................Id(a)
....................Id(b)
..................Id(c)
............Block
..............Print
................Call
..................Id(abc)
..................Id(a)
..................Id(b)
......Print
........StrLit("Print sem Block")
......Block
........Print
..........StrLit("Print com Block")
........Print
..........StrLit("Tem mais de 2 statements")
......Print
........StrLit("Statements vazios nao contam")
......If
........IntLit(1)
........Block
........Block
......If
........IntLit(2)
........Block
..........ParseArgs
............Id(arg)
............IntLit(3)
........Block
..........Assign
............Id(a)
............RealLit(1.2)
..FuncDecl
....FuncHeader
......Id(abc)
......FuncParams
........ParamDecl
..........Int
..........Id(x)
........ParamDecl
..........Float32
..........Id(z)
....FuncBody
......Return
........Mod
..........Mul
............Id(x)
............Id(z)
..........Id(z)